<!doctype html><html><head>
<title>
</title>
</head>
<body>
<!-- No renames in the next script tag since it's not in polymer-element. -->
<script>
  var foo = my.coolSymbolName;
  foo();
</script>
<polymer-element name="test" attributes="cd3 prop1 b prop2 ab">
  <template>
    <style>
      symbolA {
      }
    </style>
    <div id="{{foo.dontRenameMe}}" name="{{foo.b}}" selected="0" foo?="{{polymerdoesthis}}">
      {{ab}} [[symbolA]] [[foo.dontRenameMe]]
    </div>
    <div selected>
      Another selected div.
    </div>
    <template if="{{ab==42}}">
      symbolA is 42.
    </template>
  </template>
  <script>Polymer({abChanged:function(){this.b=true},prop1Changed:function(){this.prop2=42}});</script>
</polymer-element>

</body></html>
